Microchip MPLAB XC8 Compiler V1.34 ()

Linker command line:

-W-3 --edf=C:\Program Files (x86)\Microchip\xc8\v1.34\dat\en_msgs.txt -cs \
  -h+dist/default/production\PAN.X.production.sym \
  --cmf=dist/default/production\PAN.X.production.cmf -z -Q18F25K80 \
  -oC:\Users\ADMINI~1\AppData\Local\Temp\sbi8.6 \
  -Mdist/default/production/PAN.X.production.map -E1 -ver=XC8 \
  -ASTACK=0D8h-0e40h -pstack=STACK -ACODE=00h-07FFFh -ACONST=00h-07FFFh \
  -ASMALLCONST=0F00h-0FFFhx113 -AMEDIUMCONST=0F00h-07FFFh -ACOMRAM=01h-05Fh \
  -AABS1=00h-0E40h -ABIGRAM=01h-0E40h \
  -ARAM=060h-0FFh,0100h-01FFhx13,0E00h-0E40h -ABANK0=060h-0FFh \
  -ABANK1=0100h-01FFh -ABANK2=0200h-02FFh -ABANK3=0300h-03FFh \
  -ABANK4=0400h-04FFh -ABANK5=0500h-05FFh -ABANK6=0600h-06FFh \
  -ABANK7=0700h-07FFh -ABANK8=0800h-08FFh -ABANK9=0900h-09FFh \
  -ABANK10=0A00h-0AFFh -ABANK11=0B00h-0BFFh -ABANK12=0C00h-0CFFh \
  -ABANK13=0D00h-0DFFh -ABANK14=0E00h-0E40h \
  -ASFR=0E41h-0EFFh,0F00h-0F5Fh,0F60h-0FFFh \
  -preset_vec=00h,intcode=08h,intcodelo=018h,powerup,init,end_init \
  -pramtop=0F00h -psmallconst=SMALLCONST -pmediumconst=MEDIUMCONST \
  -pconst=CONST -AFARRAM=00h-00h -ACONFIG=0300000h-030000Dh -pconfig=CONFIG \
  -AIDLOC=0200000h-0200007h -pidloc=IDLOC -AEEDATA=0F00000h-0F003FFh \
  -peeprom_data=EEDATA \
  -prdata=COMRAM,nvrram=COMRAM,nvbit=COMRAM,rbss=COMRAM,rbit=COMRAM \
  -pfarbss=FARRAM,fardata=FARRAM,nvFARRAM=FARRAM \
  -pintsave_regs=BIGRAM,bigbss=BIGRAM,bigdata=BIGRAM -pbss=RAM \
  -pidata=CODE,irdata=CODE,ibigdata=CODE,ifardata=CODE -prparam=COMRAM \
  C:\Users\ADMINI~1\AppData\Local\Temp\sbi8.obj \
  dist/default/production\PAN.X.production.obj 

Object code version is 3.11

Machine type is 18F25K80

Call graph: (short form)




                Name                               Link     Load   Length Selector   Space Scale
C:\Users\ADMINI~1\AppData\Local\Temp\sbi8.obj
                end_init                             D6       D6        4        C       0
                reset_vec                             0        0        4        0       0
                idloc                            200000   200000        8   200000       0
                config                           300000   300000        E   300000       0
dist/default/production\PAN.X.production.obj
                intcodelo                            18       18       BE        C       0
                intcode                               8        8       10        4       0
                text28                              8C2      8C2      120        C       0
                intcode_body                        B7E      B7E       C6        C       0
                text26                              E78      E78       70        C       0
                text24                             107C     107C       32        C       0
                text23                             11C6     11C6       20        C       0
                text22                              D7C      D7C       82        C       0
                text21                              6D6      6D6      1EC        C       0
                text20                             1156     1156       28        C       0
                text19                             112E     112E       28        C       0
                text18                             1106     1106       28        C       0
                text17                             10AE     10AE       30        C       0
                text16                             117E     117E       26        C       0
                text15                             11FE     11FE       18        C       0
                text14                              AB8      AB8       C6        C       0
                text13                              DFE      DFE       7A        C       0
                text12                              9E2      9E2       D6        C       0
                text11                              C44      C44       A8        C       0
                text10                             121C     121C        2        C       0
                text9                              11A4     11A4       22        C       0
                text8                              1216     1216        4        C       0
                text7                               CEC      CEC       90        C       0
                text6                               EE8      EE8       68        C       0
                text5                               F50      F50       5C        C       0
                text4                              1004     1004       3E        C       0
                text3                                DA       DA      5FC        C       0
                text2                               FAC      FAC       58        C       0
                text1                              10DE     10DE       28        C       0
                text0                              11E6     11E6       18        C       0
                cstackCOMRAM                         26       26       1C        1       1
                cstackBANK0                          A7       A7       31       60       1
                bssBANK0                             60       60       47       60       1
                dataCOMRAM                           42       42        2        1       1
                bssCOMRAM                             1        1       25        1       1
                cinit                              1042     1042       3A        C       0
                idataCOMRAM                        121A     121A        2        C       0

TOTAL           Name                               Link     Load   Length     Space
        CLASS   STACK          

        CLASS   CODE           
                end_init                             D6       D6        4         0
                intcodelo                            18       18       BE         0
                intcode                               8        8       10         0
                reset_vec                             0        0        4         0
                text28                              8C2      8C2      120         0
                intcode_body                        B7E      B7E       C6         0
                text26                              E78      E78       70         0
                text24                             107C     107C       32         0
                text23                             11C6     11C6       20         0
                text22                              D7C      D7C       82         0
                text21                              6D6      6D6      1EC         0
                text20                             1156     1156       28         0
                text19                             112E     112E       28         0
                text18                             1106     1106       28         0
                text17                             10AE     10AE       30         0
                text16                             117E     117E       26         0
                text15                             11FE     11FE       18         0
                text14                              AB8      AB8       C6         0
                text13                              DFE      DFE       7A         0
                text12                              9E2      9E2       D6         0
                text11                              C44      C44       A8         0
                text10                             121C     121C        2         0
                text9                              11A4     11A4       22         0
                text8                              1216     1216        4         0
                text7                               CEC      CEC       90         0
                text6                               EE8      EE8       68         0
                text5                               F50      F50       5C         0
                text4                              1004     1004       3E         0
                text3                                DA       DA      5FC         0
                text2                               FAC      FAC       58         0
                text1                              10DE     10DE       28         0
                text0                              11E6     11E6       18         0
                cinit                              1042     1042       3A         0
                idataCOMRAM                        121A     121A        2         0

        CLASS   CONST          

        CLASS   SMALLCONST     

        CLASS   MEDIUMCONST    

        CLASS   COMRAM         
                cstackCOMRAM                         26       26       1C         1
                dataCOMRAM                           42       42        2         1
                bssCOMRAM                             1        1       25         1

        CLASS   ABS1           

        CLASS   BIGRAM         

        CLASS   RAM            

        CLASS   BANK0          
                cstackBANK0                          A7       A7       31         1
                bssBANK0                             60       60       47         1

        CLASS   BANK1          

        CLASS   BANK2          

        CLASS   BANK3          

        CLASS   BANK4          

        CLASS   BANK5          

        CLASS   BANK6          

        CLASS   BANK7          

        CLASS   BANK8          

        CLASS   BANK9          

        CLASS   BANK10         

        CLASS   BANK11         

        CLASS   BANK12         

        CLASS   BANK13         

        CLASS   BANK14         

        CLASS   SFR            

        CLASS   FARRAM         

        CLASS   CONFIG         
                config                           300000   300000        E         0

        CLASS   IDLOC          
                idloc                            200000   200000        8         0

        CLASS   EEDATA         



SEGMENTS        Name                           Load    Length   Top    Selector   Space  Class

                reset_vec                      000000  000004  000004         0       0  CODE    
                bssCOMRAM                      000001  000043  000044         1       1  COMRAM  
                intcode                        000008  000010  000018         4       0  CODE    
                intcodelo                      000018  001206  00121E         C       0  CODE    
                bssBANK0                       000060  000078  0000D8        60       1  BANK0   
                idloc                          200000  000008  200008    200000       0  IDLOC   
                config                         300000  00000E  30000E    300000       0  CONFIG  


UNUSED ADDRESS RANGES

        Name                Unused          Largest block    Delta
        BANK0            0000D8-0000FF               28
        BANK1            000100-0001FF              100
        BANK10           000A00-000AFF              100
        BANK11           000B00-000BFF              100
        BANK12           000C00-000CFF              100
        BANK13           000D00-000DFF              100
        BANK14           000E00-000E40               41
        BANK2            000200-0002FF              100
        BANK3            000300-0003FF              100
        BANK4            000400-0004FF              100
        BANK5            000500-0005FF              100
        BANK6            000600-0006FF              100
        BANK7            000700-0007FF              100
        BANK8            000800-0008FF              100
        BANK9            000900-0009FF              100
        BIGRAM           000044-00005F               1C
                         0000D8-000E40              D69
        CODE             000004-000007                4
                         00121E-007FFF             6DE2
        COMRAM           000044-00005F               1C
        CONST            000004-000007                4
                         00121E-007FFF             6DE2
        EEDATA           F00000-F003FF              400
        MEDIUMCONST      00121E-007FFF             6DE2
        RAM              0000D8-000E40              100
        SFR              000E41-000FFF               BF
        SMALLCONST       00121E-007FFF              100
        STACK            0000D8-000E40              D69

                                  Symbol Table

?_ADC_GetConversionValue            cstackBANK0  0000B5
?___lldiv                           cstackBANK0  0000C1
?___lmul                            cstackBANK0  0000B5
?___lwdiv                           cstackBANK0  0000B5
ADC_Cmd@channel                     cstackBANK0  0000B6
ADC_Cmd@sta                         cstackBANK0  0000B5
ADC_GetConversionValue@ADC_Result   cstackBANK0  0000BA
ADC_StartConversion@channel         cstackBANK0  0000B6
AdcPro@buf                          bssBANK0     000060
AdcPro@i                            cstackBANK0  0000BE
AdcPro@index                        dataCOMRAM   000042
AdcPro@sum                          cstackBANK0  0000BC
AdcPro@write                        bssCOMRAM    000001
CAN_SetMode@mode                    cstackBANK0  0000B5
ConfigTimer0@ms                     cstackBANK0  0000CE
ConfigTimer0@tmp                    cstackBANK0  0000D4
ECAN_Receive@RxMessage              cstackCOMRAM 00003C
Lows_ISR@i                          cstackCOMRAM 00003B
Pedal_Back@dir                      cstackBANK0  0000B5
Pedal_Out@dir                       cstackBANK0  0000B5
Pedal_Stop@dir                      cstackBANK0  0000B5
SysNormalWaitSleep@tempPedalRunFlag dataCOMRAM   000043
_ADCON0                             (abs)        000FC2
_ADCON0bits                         (abs)        000FC2
_ADCON1                             (abs)        000FC1
_ADCON2                             (abs)        000FC0
_ADC_Cmd                            text17       0010AE
_ADC_GetConversionValue             text24       00107C
_ADC_Init                           text16       00117E
_ADC_StartConversion                text23       0011C6
_ADRESH                             (abs)        000FC4
_ADRESL                             (abs)        000FC3
_ANCON0                             (abs)        000F5D
_AdcPro                             text21       0006D6
_AppTask_PollHandler                text1        0010DE
_App_System_Init                    text6        000EE8
_BRGCON1                            (abs)        000E43
_BRGCON2                            (abs)        000E44
_BRGCON3                            (abs)        000E45
_CANCON                             (abs)        000F6F
_CANSTATbits                        (abs)        000F6E
_CAN_SetMode                        text15       0011FE
_ConfigTimer0                       text12       0009E2
_ECANCON                            (abs)        000F72
_ECAN_Init                          text11       000C44
_ECAN_Receive                       text28       0008C2
_High_ISR                           intcode      000008
_INTCON2bits                        (abs)        000FF1
_INTCONbits                         (abs)        000FF2
_IPR5bits                           (abs)        000F78
_LATB5                              (abs)        007C55
_LATB6                              (abs)        007C56
_LATB7                              (abs)        007C57
_LATC0                              (abs)        007C58
_LATC1                              (abs)        007C59
_LATC4                              (abs)        007C5C
_LATC7                              (abs)        007C5F
_Lows_ISR                           intcodelo    000018
_OSCCONbits                         (abs)        000FD3
_OSCTUNEbits                        (abs)        000F9B
_PIE5bits                           (abs)        000F76
_PIR5                               (abs)        000F77
_PIR5bits                           (abs)        000F77
_PORT_Init                          text10       00121C
_Pedal_Back                         text20       001156
_Pedal_Out                          text19       00112E
_Pedal_Process                      text3        0000DA
_Pedal_Stop                         text18       001106
_RCONbits                           (abs)        000FD0
_RLY_Init                           text9        0011A4
_RXB0CON                            (abs)        000F60
_RXB0CONbits                        (abs)        000F60
_RXB0D0                             (abs)        000F66
_RXB0D1                             (abs)        000F67
_RXB0D2                             (abs)        000F68
_RXB0D3                             (abs)        000F69
_RXB0D4                             (abs)        000F6A
_RXB0D5                             (abs)        000F6B
_RXB0D6                             (abs)        000F6C
_RXB0D7                             (abs)        000F6D
_RXB0DLC                            (abs)        000F65
_RXB0DLCbits                        (abs)        000F65
_RXB0SIDH                           (abs)        000F61
_RXB0SIDL                           (abs)        000F62
_RXB0SIDLbits                       (abs)        000F62
_RXF0EIDH                           (abs)        000EE2
_RXF0EIDL                           (abs)        000EE3
_RXF0SIDH                           (abs)        000EE0
_RXF0SIDL                           (abs)        000EE1
_RXFCON0                            (abs)        000E46
_RXFCON1                            (abs)        000E47
_RXM0EIDH                           (abs)        000EFA
_RXM0EIDL                           (abs)        000EFB
_RXM0SIDH                           (abs)        000EF8
_RXM0SIDL                           (abs)        000EF9
_SetSysClock                        text8        001216
_SysEnterSleep                      text5        000F50
_SysNormalWaitSleep                 text4        001004
_SysRunData                         bssCOMRAM    000004
_T0CON                              (abs)        000FD5
_T0CONbits                          (abs)        000FD5
_T0RH                               bssCOMRAM    000002
_T0RL                               bssCOMRAM    000003
_TMR0H                              (abs)        000FD7
_TMR0L                              (abs)        000FD6
_TRISA                              (abs)        000F92
_TRISB2                             (abs)        007C9A
_TRISB3                             (abs)        007C9B
_TRISB5                             (abs)        007C9D
_TRISB6                             (abs)        007C9E
_TRISB7                             (abs)        007C9F
_TRISC0                             (abs)        007CA0
_TRISC1                             (abs)        007CA1
_TRISC4                             (abs)        007CA4
_TRISC7                             (abs)        007CA7
_TXB0CON                            (abs)        000F20
_TXB0CONbits                        (abs)        000F20
_TXB0D0                             (abs)        000F26
_TXB0D1                             (abs)        000F27
_TXB0D2                             (abs)        000F28
_TXB0D3                             (abs)        000F29
_TXB0D4                             (abs)        000F2A
_TXB0D5                             (abs)        000F2B
_TXB0D6                             (abs)        000F2C
_TXB0D7                             (abs)        000F2D
_TXB0DLC                            (abs)        000F25
_TXB0DLCbits                        (abs)        000F25
_TXB0SIDH                           (abs)        000F21
_TXB0SIDL                           (abs)        000F22
_TXB0SIDLbits                       (abs)        000F22
__CFG_BBSIZ$BB2K                    (abs)        000000
__CFG_BOREN$OFF                     (abs)        000000
__CFG_BORPWR$LOW                    (abs)        000000
__CFG_BORV$3                        (abs)        000000
__CFG_CANMX$PORTB                   (abs)        000000
__CFG_CP0$OFF                       (abs)        000000
__CFG_CP1$OFF                       (abs)        000000
__CFG_CP2$OFF                       (abs)        000000
__CFG_CP3$OFF                       (abs)        000000
__CFG_CPB$OFF                       (abs)        000000
__CFG_CPD$OFF                       (abs)        000000
__CFG_EBTR0$OFF                     (abs)        000000
__CFG_EBTR1$OFF                     (abs)        000000
__CFG_EBTR2$OFF                     (abs)        000000
__CFG_EBTR3$OFF                     (abs)        000000
__CFG_EBTRB$OFF                     (abs)        000000
__CFG_FCMEN$OFF                     (abs)        000000
__CFG_FOSC$HS1                      (abs)        000000
__CFG_IESO$OFF                      (abs)        000000
__CFG_INTOSCSEL$LOW                 (abs)        000000
__CFG_MCLRE$ON                      (abs)        000000
__CFG_MSSPMSK$MSK7                  (abs)        000000
__CFG_PLLCFG$OFF                    (abs)        000000
__CFG_PWRTEN$OFF                    (abs)        000000
__CFG_RETEN$OFF                     (abs)        000000
__CFG_SOSCSEL$DIG                   (abs)        000000
__CFG_STVREN$OFF                    (abs)        000000
__CFG_WDTEN$OFF                     (abs)        000000
__CFG_WDTPS$256                     (abs)        000000
__CFG_WRT0$OFF                      (abs)        000000
__CFG_WRT1$OFF                      (abs)        000000
__CFG_WRT2$OFF                      (abs)        000000
__CFG_WRT3$OFF                      (abs)        000000
__CFG_WRTB$OFF                      (abs)        000000
__CFG_WRTC$OFF                      (abs)        000000
__CFG_WRTD$OFF                      (abs)        000000
__CFG_XINST$OFF                     (abs)        000000
__HRAM                              (abs)        000000
__Habs1                             abs1         000000
__Hbank0                            bank0        000000
__Hbank1                            bank1        000000
__Hbank10                           bank10       000000
__Hbank11                           bank11       000000
__Hbank12                           bank12       000000
__Hbank13                           bank13       000000
__Hbank14                           bank14       000000
__Hbank2                            bank2        000000
__Hbank3                            bank3        000000
__Hbank4                            bank4        000000
__Hbank5                            bank5        000000
__Hbank6                            bank6        000000
__Hbank7                            bank7        000000
__Hbank8                            bank8        000000
__Hbank9                            bank9        000000
__Hbigbss                           bigbss       000000
__Hbigdata                          bigdata      000000
__Hbigram                           bigram       000000
__Hbss                              bss          000000
__HbssBANK0                         bssBANK0     000000
__HbssCOMRAM                        bssCOMRAM    000000
__Hcinit                            cinit        000000
__Hclrtext                          clrtext      000000
__Hcomram                           comram       000000
__Hconfig                           config       30000E
__Hconst                            const        000000
__HcstackBANK0                      cstackBANK0  000000
__HcstackCOMRAM                     cstackCOMRAM 000000
__Hdata                             data         000000
__HdataCOMRAM                       dataCOMRAM   000000
__Heeprom_data                      eeprom_data  000000
__Hend_init                         end_init     0000DA
__Hfarbss                           farbss       000000
__Hfardata                          fardata      000000
__Hibigdata                         ibigdata     000000
__Hidata                            idata        000000
__HidataCOMRAM                      idataCOMRAM  000000
__Hidloc                            idloc        200008
__Hifardata                         ifardata     000000
__Hinit                             init         0000D6
__Hintcode                          intcode      000018
__Hintcode_body                     intcode_body 000000
__Hintcodelo                        intcodelo    0000D6
__Hintentry                         intentry     000000
__Hintret                           intret       000000
__Hintsave_regs                     intsave_regs 000000
__Hirdata                           irdata       000000
__Hmediumconst                      mediumconst  000000
__HnvFARRAM                         nvFARRAM     000000
__Hnvbit                            nvbit        000000
__Hnvrram                           nvrram       000000
__Hparam                            rparam       000000
__Hpowerup                          powerup      0000D6
__Hram                              ram          000000
__Hramtop                           ramtop       000F00
__Hrbit                             rbit         000000
__Hrbss                             rbss         000000
__Hrdata                            rdata        000000
__Hreset_vec                        reset_vec    000004
__Hrparam                           rparam       000000
__Hsfr                              sfr          000000
__Hsmallconst                       smallconst   000000
__Hspace_0                          (abs)        30000E
__Hspace_1                          (abs)        0000D8
__Hspace_2                          (abs)        000000
__Hstack                            stack        000000
__Hstruct                           struct       000000
__Htemp                             temp         000000
__Htext                             text         000000
__Htext0                            text0        000000
__Htext1                            text1        000000
__Htext10                           text10       000000
__Htext11                           text11       000000
__Htext12                           text12       000000
__Htext13                           text13       000000
__Htext14                           text14       000000
__Htext15                           text15       000000
__Htext16                           text16       000000
__Htext17                           text17       000000
__Htext18                           text18       000000
__Htext19                           text19       000000
__Htext2                            text2        000000
__Htext20                           text20       000000
__Htext21                           text21       000000
__Htext22                           text22       000000
__Htext23                           text23       000000
__Htext24                           text24       000000
__Htext26                           text26       000000
__Htext28                           text28       000000
__Htext3                            text3        000000
__Htext4                            text4        000000
__Htext5                            text5        000000
__Htext6                            text6        000000
__Htext7                            text7        000000
__Htext8                            text8        000000
__Htext9                            text9        000000
__LRAM                              (abs)        000001
__Labs1                             abs1         000000
__Lbank0                            bank0        000000
__Lbank1                            bank1        000000
__Lbank10                           bank10       000000
__Lbank11                           bank11       000000
__Lbank12                           bank12       000000
__Lbank13                           bank13       000000
__Lbank14                           bank14       000000
__Lbank2                            bank2        000000
__Lbank3                            bank3        000000
__Lbank4                            bank4        000000
__Lbank5                            bank5        000000
__Lbank6                            bank6        000000
__Lbank7                            bank7        000000
__Lbank8                            bank8        000000
__Lbank9                            bank9        000000
__Lbigbss                           bigbss       000000
__Lbigdata                          bigdata      000000
__Lbigram                           bigram       000000
__Lbss                              bss          000000
__LbssBANK0                         bssBANK0     000000
__LbssCOMRAM                        bssCOMRAM    000000
__Lcinit                            cinit        000000
__Lclrtext                          clrtext      000000
__Lcomram                           comram       000000
__Lconfig                           config       300000
__Lconst                            const        000000
__LcstackBANK0                      cstackBANK0  000000
__LcstackCOMRAM                     cstackCOMRAM 000000
__Ldata                             data         000000
__LdataCOMRAM                       dataCOMRAM   000000
__Leeprom_data                      eeprom_data  000000
__Lend_init                         end_init     0000D6
__Lfarbss                           farbss       000000
__Lfardata                          fardata      000000
__Libigdata                         ibigdata     000000
__Lidata                            idata        000000
__LidataCOMRAM                      idataCOMRAM  000000
__Lidloc                            idloc        200000
__Lifardata                         ifardata     000000
__Linit                             init         0000D6
__Lintcode                          intcode      000008
__Lintcode_body                     intcode_body 000000
__Lintcodelo                        intcodelo    000018
__Lintentry                         intentry     000000
__Lintret                           intret       000000
__Lintsave_regs                     intsave_regs 000000
__Lirdata                           irdata       000000
__Lmediumconst                      mediumconst  000000
__LnvFARRAM                         nvFARRAM     000000
__Lnvbit                            nvbit        000000
__Lnvrram                           nvrram       000000
__Lparam                            rparam       000000
__Lpowerup                          powerup      0000D6
__Lram                              ram          000000
__Lramtop                           ramtop       000F00
__Lrbit                             rbit         000000
__Lrbss                             rbss         000000
__Lrdata                            rdata        000000
__Lreset_vec                        reset_vec    000000
__Lrparam                           rparam       000000
__Lsfr                              sfr          000000
__Lsmallconst                       smallconst   000000
__Lspace_0                          (abs)        000000
__Lspace_1                          (abs)        000000
__Lspace_2                          (abs)        000000
__Lstack                            stack        000000
__Lstruct                           struct       000000
__Ltemp                             temp         000000
__Ltext                             text         000000
__Ltext0                            text0        000000
__Ltext1                            text1        000000
__Ltext10                           text10       000000
__Ltext11                           text11       000000
__Ltext12                           text12       000000
__Ltext13                           text13       000000
__Ltext14                           text14       000000
__Ltext15                           text15       000000
__Ltext16                           text16       000000
__Ltext17                           text17       000000
__Ltext18                           text18       000000
__Ltext19                           text19       000000
__Ltext2                            text2        000000
__Ltext20                           text20       000000
__Ltext21                           text21       000000
__Ltext22                           text22       000000
__Ltext23                           text23       000000
__Ltext24                           text24       000000
__Ltext26                           text26       000000
__Ltext28                           text28       000000
__Ltext3                            text3        000000
__Ltext4                            text4        000000
__Ltext5                            text5        000000
__Ltext6                            text6        000000
__Ltext7                            text7        000000
__Ltext8                            text8        000000
__Ltext9                            text9        000000
__S0                                (abs)        30000E
__S1                                (abs)        0000D8
__S2                                (abs)        000000
___inthi_sp                         stack        000000
___intlo_sp                         stack        000000
___lldiv                            text14       000AB8
___lldiv@counter                    cstackBANK0  0000CD
___lldiv@dividend                   cstackBANK0  0000C1
___lldiv@divisor                    cstackBANK0  0000C5
___lldiv@quotient                   cstackBANK0  0000C9
___lmul                             text13       000DFE
___lmul@multiplicand                cstackBANK0  0000B9
___lmul@multiplier                  cstackBANK0  0000B5
___lmul@product                     cstackBANK0  0000BD
___lwdiv                            text22       000D7C
___lwdiv@counter                    cstackBANK0  0000B9
___lwdiv@dividend                   cstackBANK0  0000B5
___lwdiv@divisor                    cstackBANK0  0000B7
___lwdiv@quotient                   cstackBANK0  0000BA
___param_bank                       (abs)        000010
___rparam_used                      (abs)        000001
___sp                               stack        000000
__accesstop                         (abs)        000060
__activetblptr                      (abs)        000002
__end_of_ADC_Cmd                    text17       0010DE
__end_of_ADC_GetConversionValue     text24       0010AE
__end_of_ADC_Init                   text16       0011A4
__end_of_ADC_StartConversion        text23       0011E6
__end_of_AdcPro                     text21       0008C2
__end_of_AppTask_PollHandler        text1        001106
__end_of_App_System_Init            text6        000F50
__end_of_CAN_SetMode                text15       001216
__end_of_ConfigTimer0               text12       000AB8
__end_of_ECAN_Init                  text11       000CEC
__end_of_ECAN_Receive               text28       0009E2
__end_of_High_ISR                   intcode_body 000C44
__end_of_Lows_ISR                   intcodelo    0000D6
__end_of_PORT_Init                  text10       00121E
__end_of_Pedal_Back                 text20       00117E
__end_of_Pedal_Out                  text19       001156
__end_of_Pedal_Process              text3        0006D6
__end_of_Pedal_Stop                 text18       00112E
__end_of_RLY_Init                   text9        0011C6
__end_of_SetSysClock                text8        00121A
__end_of_SysEnterSleep              text5        000FAC
__end_of_SysNormalWaitSleep         text4        001042
__end_of___lldiv                    text14       000B7E
__end_of___lmul                     text13       000E78
__end_of___lwdiv                    text22       000DFE
__end_of__initialization            cinit        001072
__end_of_bsp_CheckTimer             text2        001004
__end_of_bsp_SoftTimerDec           text26       000EE8
__end_of_bsp_StartAutoTimer         text7        000D7C
__end_of_main                       text0        0011FE
__initialization                    cinit        001042
__mediumconst                       mediumconst  000000
__pbssBANK0                         bssBANK0     000060
__pbssCOMRAM                        bssCOMRAM    000001
__pcinit                            cinit        001042
__pcstackBANK0                      cstackBANK0  0000A7
__pcstackCOMRAM                     cstackCOMRAM 000026
__pdataCOMRAM                       dataCOMRAM   000042
__pidataCOMRAM                      idataCOMRAM  00121A
__pintcode                          intcode      000008
__pintcode_body                     intcode_body 000B7E
__pintcodelo                        intcodelo    000018
__ptext0                            text0        0011E6
__ptext1                            text1        0010DE
__ptext10                           text10       00121C
__ptext11                           text11       000C44
__ptext12                           text12       0009E2
__ptext13                           text13       000DFE
__ptext14                           text14       000AB8
__ptext15                           text15       0011FE
__ptext16                           text16       00117E
__ptext17                           text17       0010AE
__ptext18                           text18       001106
__ptext19                           text19       00112E
__ptext2                            text2        000FAC
__ptext20                           text20       001156
__ptext21                           text21       0006D6
__ptext22                           text22       000D7C
__ptext23                           text23       0011C6
__ptext24                           text24       00107C
__ptext26                           text26       000E78
__ptext28                           text28       0008C2
__ptext3                            text3        0000DA
__ptext4                            text4        001004
__ptext5                            text5        000F50
__ptext6                            text6        000EE8
__ptext7                            text7        000CEC
__ptext8                            text8        001216
__ptext9                            text9        0011A4
__ramtop                            ramtop       000F00
__size_of_ADC_Cmd                   (abs)        000000
__size_of_ADC_GetConversionValue    (abs)        000000
__size_of_ADC_Init                  (abs)        000000
__size_of_ADC_StartConversion       (abs)        000000
__size_of_AdcPro                    (abs)        000000
__size_of_AppTask_PollHandler       (abs)        000000
__size_of_App_System_Init           (abs)        000000
__size_of_CAN_SetMode               (abs)        000000
__size_of_ConfigTimer0              (abs)        000000
__size_of_ECAN_Init                 (abs)        000000
__size_of_ECAN_Receive              (abs)        000000
__size_of_High_ISR                  (abs)        000000
__size_of_Lows_ISR                  (abs)        000000
__size_of_PORT_Init                 (abs)        000000
__size_of_Pedal_Back                (abs)        000000
__size_of_Pedal_Out                 (abs)        000000
__size_of_Pedal_Process             (abs)        000000
__size_of_Pedal_Stop                (abs)        000000
__size_of_RLY_Init                  (abs)        000000
__size_of_SetSysClock               (abs)        000000
__size_of_SysEnterSleep             (abs)        000000
__size_of_SysNormalWaitSleep        (abs)        000000
__size_of___lldiv                   (abs)        000000
__size_of___lmul                    (abs)        000000
__size_of___lwdiv                   (abs)        000000
__size_of_bsp_CheckTimer            (abs)        000000
__size_of_bsp_SoftTimerDec          (abs)        000000
__size_of_bsp_StartAutoTimer        (abs)        000000
__size_of_main                      (abs)        000000
__smallconst                        smallconst   000000
_bsp_CheckTimer                     text2        000FAC
_bsp_SoftTimerDec                   text26       000E78
_bsp_StartAutoTimer                 text7        000CEC
_g_tCanRxMsg                        bssBANK0     000088
_g_tCanTxMsg                        bssBANK0     000098
_main                               text0        0011E6
_s_tTmr                             bssCOMRAM    00001A
bsp_CheckTimer@_id                  cstackBANK0  0000B6
bsp_SoftTimerDec@_tmr               cstackCOMRAM 000026
bsp_StartAutoTimer@_id              cstackBANK0  0000B7
bsp_StartAutoTimer@_period          cstackBANK0  0000B5
end_of_initialization               cinit        001072
int_func                            intcode_body 000B7E
intlevel0                           text         000000
intlevel1                           text         000000
intlevel2                           text         000000
intlevel3                           text         000000
stackhi                             (abs)        000E40
stacklo                             (abs)        0000D8
start                               init         0000D6
start_initialization                cinit        001042


FUNCTION INFORMATION:

 *************** function _main *****************
 Defined at:
		line 71 in file "source/main.c"
 Parameters:    Size  Location     Type
		None
 Auto vars:     Size  Location     Type
		None
 Return value:  Size  Location     Type
                  2  292[None  ] int 
 Registers used:
		wreg, fsr2l, fsr2h, status,2, status,0, prodl, prodh, cstack
 Tracked objects:
		On entry : 
		On exit  : 
		Unchanged: 
 Data sizes:     COMRAM   BANK0   BANK1   BANK2   BANK3   BANK4   BANK5   BANK6   BANK7   BANK8   BANK9  BANK10  BANK11  BANK12  BANK13  BANK14
      Params:         0       0       0       0       0       0       0       0       0       0       0       0       0       0       0       0
      Locals:         0       0       0       0       0       0       0       0       0       0       0       0       0       0       0       0
      Temps:          0       0       0       0       0       0       0       0       0       0       0       0       0       0       0       0
      Totals:         0       0       0       0       0       0       0       0       0       0       0       0       0       0       0       0
Total ram usage:        0 bytes
 Hardware stack levels required when called:   10
 This function calls:
		_AppTask_PollHandler
		_App_System_Init
		_SysEnterSleep
 This function is called by:
		Startup code after reset
 This function uses a non-reentrant model


 *************** function _AppTask_PollHandler *****************
 Defined at:
		line 75 in file "source/app.c"
 Parameters:    Size  Location     Type
		None
 Auto vars:     Size  Location     Type
		None
 Return value:  Size  Location     Type
		None               void
 Registers used:
		wreg, fsr2l, fsr2h, status,2, status,0, prodl, prodh, cstack
 Tracked objects:
		On entry : 
		On exit  : 
		Unchanged: 
 Data sizes:     COMRAM   BANK0   BANK1   BANK2   BANK3   BANK4   BANK5   BANK6   BANK7   BANK8   BANK9  BANK10  BANK11  BANK12  BANK13  BANK14
      Params:         0       0       0       0       0       0       0       0       0       0       0       0       0       0       0       0
      Locals:         0       0       0       0       0       0       0       0       0       0       0       0       0       0       0       0
      Temps:          0       0       0       0       0       0       0       0       0       0       0       0       0       0       0       0
      Totals:         0       0       0       0       0       0       0       0       0       0       0       0       0       0       0       0
Total ram usage:        0 bytes
 Hardware stack levels used:    1
 Hardware stack levels required when called:    9
 This function calls:
		_AdcPro
		_Pedal_Process
		_bsp_CheckTimer
 This function is called by:
		_main
 This function uses a non-reentrant model


 *************** function _bsp_CheckTimer *****************
 Defined at:
		line 152 in file "source/timer.c"
 Parameters:    Size  Location     Type
  _id             1    wreg     unsigned char 
 Auto vars:     Size  Location     Type
  _id             1   15[BANK0 ] unsigned char 
 Return value:  Size  Location     Type
                  1    wreg      unsigned char 
 Registers used:
		wreg, fsr2l, fsr2h, status,2, status,0, prodl, prodh
 Tracked objects:
		On entry : 
		On exit  : 
		Unchanged: 
 Data sizes:     COMRAM   BANK0   BANK1   BANK2   BANK3   BANK4   BANK5   BANK6   BANK7   BANK8   BANK9  BANK10  BANK11  BANK12  BANK13  BANK14
      Params:         0       0       0       0       0       0       0       0       0       0       0       0       0       0       0       0
      Locals:         0       1       0       0       0       0       0       0       0       0       0       0       0       0       0       0
      Temps:          0       1       0       0       0       0       0       0       0       0       0       0       0       0       0       0
      Totals:         0       2       0       0       0       0       0       0       0       0       0       0       0       0       0       0
Total ram usage:        2 bytes
 Hardware stack levels used:    1
 Hardware stack levels required when called:    4
 This function calls:
		Nothing
 This function is called by:
		_AppTask_PollHandler
 This function uses a non-reentrant model


 *************** function _Pedal_Process *****************
 Defined at:
		line 103 in file "source/app.c"
 Parameters:    Size  Location     Type
		None
 Auto vars:     Size  Location     Type
		None
 Return value:  Size  Location     Type
		None               void
 Registers used:
		wreg, fsr2l, fsr2h, status,2, status,0, prodl, prodh, cstack
 Tracked objects:
		On entry : 
		On exit  : 
		Unchanged: 
 Data sizes:     COMRAM   BANK0   BANK1   BANK2   BANK3   BANK4   BANK5   BANK6   BANK7   BANK8   BANK9  BANK10  BANK11  BANK12  BANK13  BANK14
      Params:         0       0       0       0       0       0       0       0       0       0       0       0       0       0       0       0
      Locals:         0       0       0       0       0       0       0       0       0       0       0       0       0       0       0       0
      Temps:          0       0       0       0       0       0       0       0       0       0       0       0       0       0       0       0
      Totals:         0       0       0       0       0       0       0       0       0       0       0       0       0       0       0       0
Total ram usage:        0 bytes
 Hardware stack levels used:    1
 Hardware stack levels required when called:    8
 This function calls:
		_Pedal_Back
		_Pedal_Out
		_Pedal_Stop
		_SysNormalWaitSleep
 This function is called by:
		_AppTask_PollHandler
 This function uses a non-reentrant model


 *************** function _SysNormalWaitSleep *****************
 Defined at:
		line 580 in file "source/app.c"
 Parameters:    Size  Location     Type
		None
 Auto vars:     Size  Location     Type
		None
 Return value:  Size  Location     Type
		None               void
 Registers used:
		wreg, fsr2l, fsr2h, status,2, status,0, prodl, prodh, cstack
 Tracked objects:
		On entry : 
		On exit  : 
		Unchanged: 
 Data sizes:     COMRAM   BANK0   BANK1   BANK2   BANK3   BANK4   BANK5   BANK6   BANK7   BANK8   BANK9  BANK10  BANK11  BANK12  BANK13  BANK14
      Params:         0       0       0       0       0       0       0       0       0       0       0       0       0       0       0       0
      Locals:         0       0       0       0       0       0       0       0       0       0       0       0       0       0       0       0
      Temps:          0       0       0       0       0       0       0       0       0       0       0       0       0       0       0       0
      Totals:         0       0       0       0       0       0       0       0       0       0       0       0       0       0       0       0
Total ram usage:        0 bytes
 Hardware stack levels used:    1
 Hardware stack levels required when called:    7
 This function calls:
		_App_System_Init
		_SysEnterSleep
 This function is called by:
		_Pedal_Process
 This function uses a non-reentrant model


 *************** function _SysEnterSleep *****************
 Defined at:
		line 609 in file "source/app.c"
 Parameters:    Size  Location     Type
		None
 Auto vars:     Size  Location     Type
		None
 Return value:  Size  Location     Type
		None               void
 Registers used:
		wreg, status,2, status,0, cstack
 Tracked objects:
		On entry : 
		On exit  : 
		Unchanged: 
 Data sizes:     COMRAM   BANK0   BANK1   BANK2   BANK3   BANK4   BANK5   BANK6   BANK7   BANK8   BANK9  BANK10  BANK11  BANK12  BANK13  BANK14
      Params:         0       0       0       0       0       0       0       0       0       0       0       0       0       0       0       0
      Locals:         0       0       0       0       0       0       0       0       0       0       0       0       0       0       0       0
      Temps:          0       0       0       0       0       0       0       0       0       0       0       0       0       0       0       0
      Totals:         0       0       0       0       0       0       0       0       0       0       0       0       0       0       0       0
Total ram usage:        0 bytes
 Hardware stack levels used:    1
 Hardware stack levels required when called:    5
 This function calls:
		_ADC_Cmd
		_CAN_SetMode
 This function is called by:
		_SysNormalWaitSleep
		_main
		_SysErrorWaitSleep
 This function uses a non-reentrant model


 *************** function _App_System_Init *****************
 Defined at:
		line 43 in file "source/app.c"
 Parameters:    Size  Location     Type
		None
 Auto vars:     Size  Location     Type
		None
 Return value:  Size  Location     Type
		None               void
 Registers used:
		wreg, fsr2l, fsr2h, status,2, status,0, prodl, prodh, cstack
 Tracked objects:
		On entry : 
		On exit  : 
		Unchanged: 
 Data sizes:     COMRAM   BANK0   BANK1   BANK2   BANK3   BANK4   BANK5   BANK6   BANK7   BANK8   BANK9  BANK10  BANK11  BANK12  BANK13  BANK14
      Params:         0       0       0       0       0       0       0       0       0       0       0       0       0       0       0       0
      Locals:         0       0       0       0       0       0       0       0       0       0       0       0       0       0       0       0
      Temps:          0       0       0       0       0       0       0       0       0       0       0       0       0       0       0       0
      Totals:         0       0       0       0       0       0       0       0       0       0       0       0       0       0       0       0
Total ram usage:        0 bytes
 Hardware stack levels used:    1
 Hardware stack levels required when called:    6
 This function calls:
		_ADC_Cmd
		_ADC_Init
		_CAN_SetMode
		_ConfigTimer0
		_ECAN_Init
		_PORT_Init
		_RLY_Init
		_SetSysClock
		_bsp_StartAutoTimer
 This function is called by:
		_SysNormalWaitSleep
		_main
		_SysErrorWaitSleep
 This function uses a non-reentrant model


 *************** function _bsp_StartAutoTimer *****************
 Defined at:
		line 98 in file "source/timer.c"
 Parameters:    Size  Location     Type
  _id             1    wreg     unsigned char 
  _period         2   14[BANK0 ] unsigned int 
 Auto vars:     Size  Location     Type
  _id             1   16[BANK0 ] unsigned char 
 Return value:  Size  Location     Type
		None               void
 Registers used:
		wreg, fsr2l, fsr2h, status,2, status,0, prodl, prodh
 Tracked objects:
		On entry : 
		On exit  : 
		Unchanged: 
 Data sizes:     COMRAM   BANK0   BANK1   BANK2   BANK3   BANK4   BANK5   BANK6   BANK7   BANK8   BANK9  BANK10  BANK11  BANK12  BANK13  BANK14
      Params:         0       2       0       0       0       0       0       0       0       0       0       0       0       0       0       0
      Locals:         0       1       0       0       0       0       0       0       0       0       0       0       0       0       0       0
      Temps:          0       0       0       0       0       0       0       0       0       0       0       0       0       0       0       0
      Totals:         0       3       0       0       0       0       0       0       0       0       0       0       0       0       0       0
Total ram usage:        3 bytes
 Hardware stack levels used:    1
 Hardware stack levels required when called:    4
 This function calls:
		Nothing
 This function is called by:
		_App_System_Init
 This function uses a non-reentrant model


 *************** function _SetSysClock *****************
 Defined at:
		line 566 in file "source/app.c"
 Parameters:    Size  Location     Type
		None
 Auto vars:     Size  Location     Type
		None
 Return value:  Size  Location     Type
		None               void
 Registers used:
		None
 Tracked objects:
		On entry : 
		On exit  : 
		Unchanged: 
 Data sizes:     COMRAM   BANK0   BANK1   BANK2   BANK3   BANK4   BANK5   BANK6   BANK7   BANK8   BANK9  BANK10  BANK11  BANK12  BANK13  BANK14
      Params:         0       0       0       0       0       0       0       0       0       0       0       0       0       0       0       0
      Locals:         0       0       0       0       0       0       0       0       0       0       0       0       0       0       0       0
      Temps:          0       0       0       0       0       0       0       0       0       0       0       0       0       0       0       0
      Totals:         0       0       0       0       0       0       0       0       0       0       0       0       0       0       0       0
Total ram usage:        0 bytes
 Hardware stack levels used:    1
 Hardware stack levels required when called:    4
 This function calls:
		Nothing
 This function is called by:
		_App_System_Init
 This function uses a non-reentrant model


 *************** function _RLY_Init *****************
 Defined at:
		line 11 in file "source/rly.c"
 Parameters:    Size  Location     Type
		None
 Auto vars:     Size  Location     Type
		None
 Return value:  Size  Location     Type
		None               void
 Registers used:
		None
 Tracked objects:
		On entry : 
		On exit  : 
		Unchanged: 
 Data sizes:     COMRAM   BANK0   BANK1   BANK2   BANK3   BANK4   BANK5   BANK6   BANK7   BANK8   BANK9  BANK10  BANK11  BANK12  BANK13  BANK14
      Params:         0       0       0       0       0       0       0       0       0       0       0       0       0       0       0       0
      Locals:         0       0       0       0       0       0       0       0       0       0       0       0       0       0       0       0
      Temps:          0       0       0       0       0       0       0       0       0       0       0       0       0       0       0       0
      Totals:         0       0       0       0       0       0       0       0       0       0       0       0       0       0       0       0
Total ram usage:        0 bytes
 Hardware stack levels used:    1
 Hardware stack levels required when called:    4
 This function calls:
		Nothing
 This function is called by:
		_App_System_Init
 This function uses a non-reentrant model


 *************** function _PORT_Init *****************
 Defined at:
		line 768 in file "source/app.c"
 Parameters:    Size  Location     Type
		None
 Auto vars:     Size  Location     Type
		None
 Return value:  Size  Location     Type
		None               void
 Registers used:
		None
 Tracked objects:
		On entry : 
		On exit  : 
		Unchanged: 
 Data sizes:     COMRAM   BANK0   BANK1   BANK2   BANK3   BANK4   BANK5   BANK6   BANK7   BANK8   BANK9  BANK10  BANK11  BANK12  BANK13  BANK14
      Params:         0       0       0       0       0       0       0       0       0       0       0       0       0       0       0       0
      Locals:         0       0       0       0       0       0       0       0       0       0       0       0       0       0       0       0
      Temps:          0       0       0       0       0       0       0       0       0       0       0       0       0       0       0       0
      Totals:         0       0       0       0       0       0       0       0       0       0       0       0       0       0       0       0
Total ram usage:        0 bytes
 Hardware stack levels used:    1
 Hardware stack levels required when called:    4
 This function calls:
		Nothing
 This function is called by:
		_App_System_Init
 This function uses a non-reentrant model


 *************** function _ECAN_Init *****************
 Defined at:
		line 31 in file "source/ecan.c"
 Parameters:    Size  Location     Type
		None
 Auto vars:     Size  Location     Type
		None
 Return value:  Size  Location     Type
		None               void
 Registers used:
		wreg, status,2, status,0
 Tracked objects:
		On entry : 
		On exit  : 
		Unchanged: 
 Data sizes:     COMRAM   BANK0   BANK1   BANK2   BANK3   BANK4   BANK5   BANK6   BANK7   BANK8   BANK9  BANK10  BANK11  BANK12  BANK13  BANK14
      Params:         0       0       0       0       0       0       0       0       0       0       0       0       0       0       0       0
      Locals:         0       0       0       0       0       0       0       0       0       0       0       0       0       0       0       0
      Temps:          0       0       0       0       0       0       0       0       0       0       0       0       0       0       0       0
      Totals:         0       0       0       0       0       0       0       0       0       0       0       0       0       0       0       0
Total ram usage:        0 bytes
 Hardware stack levels used:    1
 Hardware stack levels required when called:    4
 This function calls:
		Nothing
 This function is called by:
		_App_System_Init
 This function uses a non-reentrant model


 *************** function _ConfigTimer0 *****************
 Defined at:
		line 16 in file "source/timer.c"
 Parameters:    Size  Location     Type
  ms              2   39[BANK0 ] unsigned int 
 Auto vars:     Size  Location     Type
  tmp             4   45[BANK0 ] unsigned long 
 Return value:  Size  Location     Type
		None               void
 Registers used:
		wreg, status,2, status,0, cstack
 Tracked objects:
		On entry : 
		On exit  : 
		Unchanged: 
 Data sizes:     COMRAM   BANK0   BANK1   BANK2   BANK3   BANK4   BANK5   BANK6   BANK7   BANK8   BANK9  BANK10  BANK11  BANK12  BANK13  BANK14
      Params:         0       2       0       0       0       0       0       0       0       0       0       0       0       0       0       0
      Locals:         0       4       0       0       0       0       0       0       0       0       0       0       0       0       0       0
      Temps:          0       4       0       0       0       0       0       0       0       0       0       0       0       0       0       0
      Totals:         0      10       0       0       0       0       0       0       0       0       0       0       0       0       0       0
Total ram usage:       10 bytes
 Hardware stack levels used:    1
 Hardware stack levels required when called:    5
 This function calls:
		___lldiv
		___lmul
 This function is called by:
		_App_System_Init
 This function uses a non-reentrant model


 *************** function ___lmul *****************
 Defined at:
		line 15 in file "C:\Program Files (x86)\Microchip\xc8\v1.34\sources\common\Umul32.c"
 Parameters:    Size  Location     Type
  multiplier      4   14[BANK0 ] unsigned long 
  multiplicand    4   18[BANK0 ] unsigned long 
 Auto vars:     Size  Location     Type
  product         4   22[BANK0 ] unsigned long 
 Return value:  Size  Location     Type
                  4   14[BANK0 ] unsigned long 
 Registers used:
		wreg, status,2, status,0
 Tracked objects:
		On entry : 
		On exit  : 
		Unchanged: 
 Data sizes:     COMRAM   BANK0   BANK1   BANK2   BANK3   BANK4   BANK5   BANK6   BANK7   BANK8   BANK9  BANK10  BANK11  BANK12  BANK13  BANK14
      Params:         0       8       0       0       0       0       0       0       0       0       0       0       0       0       0       0
      Locals:         0       4       0       0       0       0       0       0       0       0       0       0       0       0       0       0
      Temps:          0       0       0       0       0       0       0       0       0       0       0       0       0       0       0       0
      Totals:         0      12       0       0       0       0       0       0       0       0       0       0       0       0       0       0
Total ram usage:       12 bytes
 Hardware stack levels used:    1
 Hardware stack levels required when called:    4
 This function calls:
		Nothing
 This function is called by:
		_ConfigTimer0
 This function uses a non-reentrant model


 *************** function ___lldiv *****************
 Defined at:
		line 8 in file "C:\Program Files (x86)\Microchip\xc8\v1.34\sources\common\lldiv.c"
 Parameters:    Size  Location     Type
  dividend        4   26[BANK0 ] unsigned long 
  divisor         4   30[BANK0 ] unsigned long 
 Auto vars:     Size  Location     Type
  quotient        4   34[BANK0 ] unsigned long 
  counter         1   38[BANK0 ] unsigned char 
 Return value:  Size  Location     Type
                  4   26[BANK0 ] unsigned long 
 Registers used:
		wreg, status,2, status,0
 Tracked objects:
		On entry : 
		On exit  : 
		Unchanged: 
 Data sizes:     COMRAM   BANK0   BANK1   BANK2   BANK3   BANK4   BANK5   BANK6   BANK7   BANK8   BANK9  BANK10  BANK11  BANK12  BANK13  BANK14
      Params:         0       8       0       0       0       0       0       0       0       0       0       0       0       0       0       0
      Locals:         0       5       0       0       0       0       0       0       0       0       0       0       0       0       0       0
      Temps:          0       0       0       0       0       0       0       0       0       0       0       0       0       0       0       0
      Totals:         0      13       0       0       0       0       0       0       0       0       0       0       0       0       0       0
Total ram usage:       13 bytes
 Hardware stack levels used:    1
 Hardware stack levels required when called:    4
 This function calls:
		Nothing
 This function is called by:
		_ConfigTimer0
 This function uses a non-reentrant model


 *************** function _CAN_SetMode *****************
 Defined at:
		line 142 in file "source/ecan.c"
 Parameters:    Size  Location     Type
  mode            1    wreg     unsigned char 
 Auto vars:     Size  Location     Type
  mode            1   14[BANK0 ] unsigned char 
 Return value:  Size  Location     Type
		None               void
 Registers used:
		wreg, status,2
 Tracked objects:
		On entry : 
		On exit  : 
		Unchanged: 
 Data sizes:     COMRAM   BANK0   BANK1   BANK2   BANK3   BANK4   BANK5   BANK6   BANK7   BANK8   BANK9  BANK10  BANK11  BANK12  BANK13  BANK14
      Params:         0       0       0       0       0       0       0       0       0       0       0       0       0       0       0       0
      Locals:         0       1       0       0       0       0       0       0       0       0       0       0       0       0       0       0
      Temps:          0       0       0       0       0       0       0       0       0       0       0       0       0       0       0       0
      Totals:         0       1       0       0       0       0       0       0       0       0       0       0       0       0       0       0
Total ram usage:        1 bytes
 Hardware stack levels used:    1
 Hardware stack levels required when called:    4
 This function calls:
		Nothing
 This function is called by:
		_App_System_Init
		_SysEnterSleep
 This function uses a non-reentrant model


 *************** function _ADC_Init *****************
 Defined at:
		line 11 in file "source/adc.c"
 Parameters:    Size  Location     Type
		None
 Auto vars:     Size  Location     Type
		None
 Return value:  Size  Location     Type
		None               void
 Registers used:
		wreg, status,2, status,0, cstack
 Tracked objects:
		On entry : 
		On exit  : 
		Unchanged: 
 Data sizes:     COMRAM   BANK0   BANK1   BANK2   BANK3   BANK4   BANK5   BANK6   BANK7   BANK8   BANK9  BANK10  BANK11  BANK12  BANK13  BANK14
      Params:         0       0       0       0       0       0       0       0       0       0       0       0       0       0       0       0
      Locals:         0       0       0       0       0       0       0       0       0       0       0       0       0       0       0       0
      Temps:          0       0       0       0       0       0       0       0       0       0       0       0       0       0       0       0
      Totals:         0       0       0       0       0       0       0       0       0       0       0       0       0       0       0       0
Total ram usage:        0 bytes
 Hardware stack levels used:    1
 Hardware stack levels required when called:    5
 This function calls:
		_ADC_StartConversion
 This function is called by:
		_App_System_Init
 This function uses a non-reentrant model


 *************** function _ADC_Cmd *****************
 Defined at:
		line 94 in file "source/adc.c"
 Parameters:    Size  Location     Type
  channel         1    wreg     unsigned char 
  sta             1   14[BANK0 ] unsigned char 
 Auto vars:     Size  Location     Type
  channel         1   15[BANK0 ] unsigned char 
 Return value:  Size  Location     Type
		None               void
 Registers used:
		wreg, status,2, status,0
 Tracked objects:
		On entry : 
		On exit  : 
		Unchanged: 
 Data sizes:     COMRAM   BANK0   BANK1   BANK2   BANK3   BANK4   BANK5   BANK6   BANK7   BANK8   BANK9  BANK10  BANK11  BANK12  BANK13  BANK14
      Params:         0       1       0       0       0       0       0       0       0       0       0       0       0       0       0       0
      Locals:         0       1       0       0       0       0       0       0       0       0       0       0       0       0       0       0
      Temps:          0       0       0       0       0       0       0       0       0       0       0       0       0       0       0       0
      Totals:         0       2       0       0       0       0       0       0       0       0       0       0       0       0       0       0
Total ram usage:        2 bytes
 Hardware stack levels used:    1
 Hardware stack levels required when called:    4
 This function calls:
		Nothing
 This function is called by:
		_App_System_Init
		_SysEnterSleep
 This function uses a non-reentrant model


 *************** function _Pedal_Stop *****************
 Defined at:
		line 72 in file "source/rly.c"
 Parameters:    Size  Location     Type
  dir             1    wreg     unsigned char 
 Auto vars:     Size  Location     Type
  dir             1   14[BANK0 ] unsigned char 
 Return value:  Size  Location     Type
		None               void
 Registers used:
		wreg, status,2, status,0
 Tracked objects:
		On entry : 
		On exit  : 
		Unchanged: 
 Data sizes:     COMRAM   BANK0   BANK1   BANK2   BANK3   BANK4   BANK5   BANK6   BANK7   BANK8   BANK9  BANK10  BANK11  BANK12  BANK13  BANK14
      Params:         0       0       0       0       0       0       0       0       0       0       0       0       0       0       0       0
      Locals:         0       1       0       0       0       0       0       0       0       0       0       0       0       0       0       0
      Temps:          0       0       0       0       0       0       0       0       0       0       0       0       0       0       0       0
      Totals:         0       1       0       0       0       0       0       0       0       0       0       0       0       0       0       0
Total ram usage:        1 bytes
 Hardware stack levels used:    1
 Hardware stack levels required when called:    4
 This function calls:
		Nothing
 This function is called by:
		_Pedal_Process
 This function uses a non-reentrant model


 *************** function _Pedal_Out *****************
 Defined at:
		line 30 in file "source/rly.c"
 Parameters:    Size  Location     Type
  dir             1    wreg     unsigned char 
 Auto vars:     Size  Location     Type
  dir             1   14[BANK0 ] unsigned char 
 Return value:  Size  Location     Type
		None               void
 Registers used:
		wreg, status,2, status,0
 Tracked objects:
		On entry : 
		On exit  : 
		Unchanged: 
 Data sizes:     COMRAM   BANK0   BANK1   BANK2   BANK3   BANK4   BANK5   BANK6   BANK7   BANK8   BANK9  BANK10  BANK11  BANK12  BANK13  BANK14
      Params:         0       0       0       0       0       0       0       0       0       0       0       0       0       0       0       0
      Locals:         0       1       0       0       0       0       0       0       0       0       0       0       0       0       0       0
      Temps:          0       0       0       0       0       0       0       0       0       0       0       0       0       0       0       0
      Totals:         0       1       0       0       0       0       0       0       0       0       0       0       0       0       0       0
Total ram usage:        1 bytes
 Hardware stack levels used:    1
 Hardware stack levels required when called:    4
 This function calls:
		Nothing
 This function is called by:
		_Pedal_Process
 This function uses a non-reentrant model


 *************** function _Pedal_Back *****************
 Defined at:
		line 51 in file "source/rly.c"
 Parameters:    Size  Location     Type
  dir             1    wreg     unsigned char 
 Auto vars:     Size  Location     Type
  dir             1   14[BANK0 ] unsigned char 
 Return value:  Size  Location     Type
		None               void
 Registers used:
		wreg, status,2, status,0
 Tracked objects:
		On entry : 
		On exit  : 
		Unchanged: 
 Data sizes:     COMRAM   BANK0   BANK1   BANK2   BANK3   BANK4   BANK5   BANK6   BANK7   BANK8   BANK9  BANK10  BANK11  BANK12  BANK13  BANK14
      Params:         0       0       0       0       0       0       0       0       0       0       0       0       0       0       0       0
      Locals:         0       1       0       0       0       0       0       0       0       0       0       0       0       0       0       0
      Temps:          0       0       0       0       0       0       0       0       0       0       0       0       0       0       0       0
      Totals:         0       1       0       0       0       0       0       0       0       0       0       0       0       0       0       0
Total ram usage:        1 bytes
 Hardware stack levels used:    1
 Hardware stack levels required when called:    4
 This function calls:
		Nothing
 This function is called by:
		_Pedal_Process
 This function uses a non-reentrant model


 *************** function _AdcPro *****************
 Defined at:
		line 655 in file "source/app.c"
 Parameters:    Size  Location     Type
		None
 Auto vars:     Size  Location     Type
  sum             2   21[BANK0 ] unsigned int 
  i               1   23[BANK0 ] unsigned char 
 Return value:  Size  Location     Type
		None               void
 Registers used:
		wreg, fsr2l, fsr2h, status,2, status,0, prodl, prodh, cstack
 Tracked objects:
		On entry : 
		On exit  : 
		Unchanged: 
 Data sizes:     COMRAM   BANK0   BANK1   BANK2   BANK3   BANK4   BANK5   BANK6   BANK7   BANK8   BANK9  BANK10  BANK11  BANK12  BANK13  BANK14
      Params:         0       0       0       0       0       0       0       0       0       0       0       0       0       0       0       0
      Locals:         0       3       0       0       0       0       0       0       0       0       0       0       0       0       0       0
      Temps:          0       0       0       0       0       0       0       0       0       0       0       0       0       0       0       0
      Totals:         0       3       0       0       0       0       0       0       0       0       0       0       0       0       0       0
Total ram usage:        3 bytes
 Hardware stack levels used:    1
 Hardware stack levels required when called:    5
 This function calls:
		_ADC_GetConversionValue
		_ADC_StartConversion
		___lwdiv
 This function is called by:
		_AppTask_PollHandler
 This function uses a non-reentrant model


 *************** function ___lwdiv *****************
 Defined at:
		line 8 in file "C:\Program Files (x86)\Microchip\xc8\v1.34\sources\common\lwdiv.c"
 Parameters:    Size  Location     Type
  dividend        2   14[BANK0 ] unsigned int 
  divisor         2   16[BANK0 ] unsigned int 
 Auto vars:     Size  Location     Type
  quotient        2   19[BANK0 ] unsigned int 
  counter         1   18[BANK0 ] unsigned char 
 Return value:  Size  Location     Type
                  2   14[BANK0 ] unsigned int 
 Registers used:
		wreg, status,2, status,0
 Tracked objects:
		On entry : 
		On exit  : 
		Unchanged: 
 Data sizes:     COMRAM   BANK0   BANK1   BANK2   BANK3   BANK4   BANK5   BANK6   BANK7   BANK8   BANK9  BANK10  BANK11  BANK12  BANK13  BANK14
      Params:         0       4       0       0       0       0       0       0       0       0       0       0       0       0       0       0
      Locals:         0       3       0       0       0       0       0       0       0       0       0       0       0       0       0       0
      Temps:          0       0       0       0       0       0       0       0       0       0       0       0       0       0       0       0
      Totals:         0       7       0       0       0       0       0       0       0       0       0       0       0       0       0       0
Total ram usage:        7 bytes
 Hardware stack levels used:    1
 Hardware stack levels required when called:    4
 This function calls:
		Nothing
 This function is called by:
		_AdcPro
 This function uses a non-reentrant model


 *************** function _ADC_StartConversion *****************
 Defined at:
		line 74 in file "source/adc.c"
 Parameters:    Size  Location     Type
  channel         1    wreg     unsigned char 
 Auto vars:     Size  Location     Type
  channel         1   15[BANK0 ] unsigned char 
 Return value:  Size  Location     Type
		None               void
 Registers used:
		wreg, status,2, status,0
 Tracked objects:
		On entry : 
		On exit  : 
		Unchanged: 
 Data sizes:     COMRAM   BANK0   BANK1   BANK2   BANK3   BANK4   BANK5   BANK6   BANK7   BANK8   BANK9  BANK10  BANK11  BANK12  BANK13  BANK14
      Params:         0       0       0       0       0       0       0       0       0       0       0       0       0       0       0       0
      Locals:         0       1       0       0       0       0       0       0       0       0       0       0       0       0       0       0
      Temps:          0       1       0       0       0       0       0       0       0       0       0       0       0       0       0       0
      Totals:         0       2       0       0       0       0       0       0       0       0       0       0       0       0       0       0
Total ram usage:        2 bytes
 Hardware stack levels used:    1
 Hardware stack levels required when called:    4
 This function calls:
		Nothing
 This function is called by:
		_ADC_Init
		_AdcPro
 This function uses a non-reentrant model


 *************** function _ADC_GetConversionValue *****************
 Defined at:
		line 57 in file "source/adc.c"
 Parameters:    Size  Location     Type
		None
 Auto vars:     Size  Location     Type
  ADC_Result      2   19[BANK0 ] unsigned int 
 Return value:  Size  Location     Type
                  2   14[BANK0 ] unsigned int 
 Registers used:
		wreg, status,2, status,0
 Tracked objects:
		On entry : 
		On exit  : 
		Unchanged: 
 Data sizes:     COMRAM   BANK0   BANK1   BANK2   BANK3   BANK4   BANK5   BANK6   BANK7   BANK8   BANK9  BANK10  BANK11  BANK12  BANK13  BANK14
      Params:         0       2       0       0       0       0       0       0       0       0       0       0       0       0       0       0
      Locals:         0       2       0       0       0       0       0       0       0       0       0       0       0       0       0       0
      Temps:          0       3       0       0       0       0       0       0       0       0       0       0       0       0       0       0
      Totals:         0       7       0       0       0       0       0       0       0       0       0       0       0       0       0       0
Total ram usage:        7 bytes
 Hardware stack levels used:    1
 Hardware stack levels required when called:    4
 This function calls:
		Nothing
 This function is called by:
		_AdcPro
 This function uses a non-reentrant model


 *************** function _Lows_ISR *****************
 Defined at:
		line 171 in file "source/timer.c"
 Parameters:    Size  Location     Type
		None
 Auto vars:     Size  Location     Type
  i               1   21[COMRAM] unsigned char 
 Return value:  Size  Location     Type
		None               void
 Registers used:
		wreg, fsr1l, fsr1h, fsr2l, fsr2h, status,2, status,0, prodl, prodh, cstack
 Tracked objects:
		On entry : 
		On exit  : 
		Unchanged: 
 Data sizes:     COMRAM   BANK0   BANK1   BANK2   BANK3   BANK4   BANK5   BANK6   BANK7   BANK8   BANK9  BANK10  BANK11  BANK12  BANK13  BANK14
      Params:         0       0       0       0       0       0       0       0       0       0       0       0       0       0       0       0
      Locals:         1       0       0       0       0       0       0       0       0       0       0       0       0       0       0       0
      Temps:         17       0       0       0       0       0       0       0       0       0       0       0       0       0       0       0
      Totals:        18       0       0       0       0       0       0       0       0       0       0       0       0       0       0       0
Total ram usage:       18 bytes
 Hardware stack levels used:    1
 Hardware stack levels required when called:    3
 This function calls:
		_bsp_SoftTimerDec
 This function is called by:
		Interrupt level 1
 This function uses a non-reentrant model


 *************** function _bsp_SoftTimerDec *****************
 Defined at:
		line 42 in file "source/timer.c"
 Parameters:    Size  Location     Type
  _tmr            2    0[COMRAM] PTR volatile struct .
		 -> s_tTmr(12), 
 Auto vars:     Size  Location     Type
		None
 Return value:  Size  Location     Type
		None               void
 Registers used:
		wreg, fsr1l, fsr1h, fsr2l, fsr2h, status,2, status,0
 Tracked objects:
		On entry : 
		On exit  : 
		Unchanged: 
 Data sizes:     COMRAM   BANK0   BANK1   BANK2   BANK3   BANK4   BANK5   BANK6   BANK7   BANK8   BANK9  BANK10  BANK11  BANK12  BANK13  BANK14
      Params:         2       0       0       0       0       0       0       0       0       0       0       0       0       0       0       0
      Locals:         0       0       0       0       0       0       0       0       0       0       0       0       0       0       0       0
      Temps:          2       0       0       0       0       0       0       0       0       0       0       0       0       0       0       0
      Totals:         4       0       0       0       0       0       0       0       0       0       0       0       0       0       0       0
Total ram usage:        4 bytes
 Hardware stack levels used:    1
 Hardware stack levels required when called:    2
 This function calls:
		Nothing
 This function is called by:
		_Lows_ISR
 This function uses a non-reentrant model


 *************** function _High_ISR *****************
 Defined at:
		line 286 in file "source/ecan.c"
 Parameters:    Size  Location     Type
		None
 Auto vars:     Size  Location     Type
		None
 Return value:  Size  Location     Type
		None               void
 Registers used:
		wreg, fsr2l, fsr2h, status,2, status,0, cstack
 Tracked objects:
		On entry : 
		On exit  : 
		Unchanged: 
 Data sizes:     COMRAM   BANK0   BANK1   BANK2   BANK3   BANK4   BANK5   BANK6   BANK7   BANK8   BANK9  BANK10  BANK11  BANK12  BANK13  BANK14
      Params:         0       0       0       0       0       0       0       0       0       0       0       0       0       0       0       0
      Locals:         0       0       0       0       0       0       0       0       0       0       0       0       0       0       0       0
      Temps:          0      14       0       0       0       0       0       0       0       0       0       0       0       0       0       0
      Totals:         0      14       0       0       0       0       0       0       0       0       0       0       0       0       0       0
Total ram usage:       14 bytes
 Hardware stack levels used:    1
 Hardware stack levels required when called:    1
 This function calls:
		_ECAN_Receive
 This function is called by:
		Interrupt level 2
 This function uses a non-reentrant model


 *************** function _ECAN_Receive *****************
 Defined at:
		line 164 in file "source/ecan.c"
 Parameters:    Size  Location     Type
  RxMessage       2   22[COMRAM] PTR struct .
		 -> g_tCanRxMsg(16), 
 Auto vars:     Size  Location     Type
		None
 Return value:  Size  Location     Type
		None               void
 Registers used:
		wreg, fsr2l, fsr2h, status,2, status,0
 Tracked objects:
		On entry : 
		On exit  : 
		Unchanged: 
 Data sizes:     COMRAM   BANK0   BANK1   BANK2   BANK3   BANK4   BANK5   BANK6   BANK7   BANK8   BANK9  BANK10  BANK11  BANK12  BANK13  BANK14
      Params:         2       0       0       0       0       0       0       0       0       0       0       0       0       0       0       0
      Locals:         0       0       0       0       0       0       0       0       0       0       0       0       0       0       0       0
      Temps:          4       0       0       0       0       0       0       0       0       0       0       0       0       0       0       0
      Totals:         6       0       0       0       0       0       0       0       0       0       0       0       0       0       0       0
Total ram usage:        6 bytes
 Hardware stack levels used:    1
 This function calls:
		Nothing
 This function is called by:
		_High_ISR
 This function uses a non-reentrant model



MODULE INFORMATION

Module		Function		Class		Link	Load	Size
source/timer.c
		_ConfigTimer0  		CODE           	09E2	0000	215
		_bsp_StartAutoT		CODE           	0CEC	0000	145
		_bsp_SoftTimerD		CODE           	0E78	0000	113
		_bsp_CheckTimer		CODE           	0FAC	0000	89
		_Lows_ISR      		CODE           	0018	0000	191

source/timer.c estimated size: 753

source/rly.c
		_Pedal_Stop    		CODE           	1106	0000	41
		_RLY_Init      		CODE           	11A4	0000	35
		_Pedal_Out     		CODE           	112E	0000	41
		_Pedal_Back    		CODE           	1156	0000	41

source/rly.c estimated size: 158

C:\Program Files (x86)\Microchip\xc8\v1.34\sources\common\Umul32.c
		___lmul        		CODE           	0DFE	0000	123

C:\Program Files (x86)\Microchip\xc8\v1.34\sources\common\Umul32.c estimated size: 123

source/ecan.c
		_High_ISR      		CODE           	0008	0000	215
		_CAN_SetMode   		CODE           	11FE	0000	25
		_ECAN_Receive  		CODE           	08C2	0000	289
		_ECAN_Init     		CODE           	0C44	0000	169

source/ecan.c estimated size: 698

source/main.c
		_main          		CODE           	11E6	0000	25

source/main.c estimated size: 25

source/adc.c
		_ADC_Cmd       		CODE           	10AE	0000	49
		_ADC_GetConvers		CODE           	107C	0000	51
		_ADC_StartConve		CODE           	11C6	0000	33
		_ADC_Init      		CODE           	117E	0000	39

source/adc.c estimated size: 172

source/app.c
		_SysNormalWaitS		CODE           	1004	0000	63
		_Pedal_Process 		CODE           	00DA	0000	1533
		_AppTask_PollHa		CODE           	10DE	0000	41
		_PORT_Init     		CODE           	121C	0000	3
		_SetSysClock   		CODE           	1216	0000	5
		_App_System_Ini		CODE           	0EE8	0000	105
		_AdcPro        		CODE           	06D6	0000	493
		_SysEnterSleep 		CODE           	0F50	0000	93

source/app.c estimated size: 2336

shared
		__initializatio		CODE           	1042	0000	49

shared estimated size: 49

C:\Program Files (x86)\Microchip\xc8\v1.34\sources\common\lwdiv.c
		___lwdiv       		CODE           	0D7C	0000	131

C:\Program Files (x86)\Microchip\xc8\v1.34\sources\common\lwdiv.c estimated size: 131

C:\Program Files (x86)\Microchip\xc8\v1.34\sources\common\lldiv.c
		___lldiv       		CODE           	0AB8	0000	199

C:\Program Files (x86)\Microchip\xc8\v1.34\sources\common\lldiv.c estimated size: 199

